// Jest Snapshot v1, https://goo.gl/fbAQLP

exports[`Autocomplete renders correctly 1`] = `
<DocumentFragment>
  <div
    class="search-container"
  >
    <label
      class="visually-hidden"
      for="search-box"
    >
      Search for a product or brand
    </label>
    <input
      class="search-box"
      id="search-box"
      placeholder="Search for a product"
      type="search"
      value=""
    />
  </div>
</DocumentFragment>
`;
